android:172.16.155.16
